[      58ms] [INFO] %cDownload the React DevTools for a better development experience: https://react.dev/link/react-devtools font-weight:bold @ http://localhost:5174/node_modules/.vite/deps/react-dom_client.js?v=7cae172e:20100
[     187ms] [ERROR] Failed to load resource: net::ERR_CERT_AUTHORITY_INVALID @ https://www.tecma-tecnologia.com.br/web/wp-content/uploads/2019/11/whatsapp-image-2019-10-23-at-155009.jpeg:0
[     217ms] [ERROR] Failed to load resource: net::ERR_CERT_AUTHORITY_INVALID @ https://images.unsplash.com/photo-1581091226825-a6a2a5aee158?auto=format&fit=crop&w=1400&q=60:0
[     218ms] [ERROR] Failed to load resource: net::ERR_CERT_AUTHORITY_INVALID @ https://images.ecycle.com.br/wp-content/uploads/2021/10/07121825/drop-of-water-gee46e2eb0_1920.jpg.webp:0
[     457ms] [ERROR] Failed to load resource: net::ERR_CERT_AUTHORITY_INVALID @ https://estiva.com.br/var/userfiles/blogthumbs/d6f4f744fca95d6311aa819a08a32a3a.png:0
[     478ms] [ERROR] Failed to load resource: net::ERR_CERT_AUTHORITY_INVALID @ https://www.grupoairslaid.com.br/wp-content/uploads/2020/02/FOTO_1.webp:0
[     556ms] [ERROR] Failed to load resource: net::ERR_CERT_AUTHORITY_INVALID @ https://www.cetap.org.br/site/wp-content/uploads/2020/05/250520-semana-alimento-organico-750x460.jpg:0
[    4132ms] [ERROR] Failed to load resource: net::ERR_QUIC_PROTOCOL_ERROR.QUIC_NETWORK_IDLE_TIMEOUT @ https://www.quimica.com.br/wp-content/uploads/2014/08/torres_POST_.jpg:0
[    4134ms] [ERROR] Failed to load resource: net::ERR_QUIC_PROTOCOL_ERROR.QUIC_NETWORK_IDLE_TIMEOUT @ https://siamigbioenergia.com.br/wp-content/uploads/2025/01/post1-corpo1-1024x682px.png:0
[    5641ms] [INFO] %cDownload the React DevTools for a better development experience: https://react.dev/link/react-devtools font-weight:bold @ http://localhost:5174/node_modules/.vite/deps/react-dom_client.js?v=7cae172e:20100
[    5747ms] [ERROR] Failed to load resource: net::ERR_CERT_AUTHORITY_INVALID @ https://images.unsplash.com/photo-1581091226825-a6a2a5aee158?auto=format&fit=crop&w=1400&q=60:0
[    5747ms] [ERROR] Failed to load resource: net::ERR_CERT_AUTHORITY_INVALID @ https://estiva.com.br/var/userfiles/blogthumbs/d6f4f744fca95d6311aa819a08a32a3a.png:0
[    5747ms] [ERROR] Failed to load resource: net::ERR_CERT_AUTHORITY_INVALID @ https://images.ecycle.com.br/wp-content/uploads/2021/10/07121825/drop-of-water-gee46e2eb0_1920.jpg.webp:0
[    5768ms] [ERROR] Failed to load resource: net::ERR_CERT_AUTHORITY_INVALID @ https://www.grupoairslaid.com.br/wp-content/uploads/2020/02/FOTO_1.webp:0
[    6006ms] [ERROR] Failed to load resource: net::ERR_CERT_AUTHORITY_INVALID @ https://www.tecma-tecnologia.com.br/web/wp-content/uploads/2019/11/whatsapp-image-2019-10-23-at-155009.jpeg:0
[    6095ms] [ERROR] Failed to load resource: net::ERR_CERT_AUTHORITY_INVALID @ https://www.cetap.org.br/site/wp-content/uploads/2020/05/250520-semana-alimento-organico-750x460.jpg:0
[    9696ms] [ERROR] Failed to load resource: net::ERR_QUIC_PROTOCOL_ERROR.QUIC_NETWORK_IDLE_TIMEOUT @ https://www.quimica.com.br/wp-content/uploads/2014/08/torres_POST_.jpg:0
[    9702ms] [ERROR] Failed to load resource: net::ERR_QUIC_PROTOCOL_ERROR.QUIC_NETWORK_IDLE_TIMEOUT @ https://siamigbioenergia.com.br/wp-content/uploads/2025/01/post1-corpo1-1024x682px.png:0
[  115048ms] [ERROR] [vite] ReferenceError: estoque2Img is not defined
    at http://localhost:5174/src/components/HeroCarousel.tsx?t=1782302392318:19:12 @ http://localhost:5174/@vite/client:808
[  115048ms] [ERROR] [vite] Failed to reload /src/components/HeroCarousel.tsx. This could be due to syntax errors or importing non-existent modules. (see errors above) @ http://localhost:5174/@vite/client:808
[  153121ms] [ERROR] Error handled by React Router default ErrorBoundary: ReferenceError: estoque3Img is not defined
    at HomePage (http://localhost:5174/src/pages/HomePage.tsx?t=1782302430381:217:20)
    at Object.react_stack_bottom_frame (http://localhost:5174/node_modules/.vite/deps/react-dom_client.js?v=7cae172e:18507:20)
    at renderWithHooks (http://localhost:5174/node_modules/.vite/deps/react-dom_client.js?v=7cae172e:5652:24)
    at updateFunctionComponent (http://localhost:5174/node_modules/.vite/deps/react-dom_client.js?v=7cae172e:7473:21)
    at beginWork (http://localhost:5174/node_modules/.vite/deps/react-dom_client.js?v=7cae172e:8523:20)
    at runWithFiberInDEV (http://localhost:5174/node_modules/.vite/deps/react-dom_client.js?v=7cae172e:995:72)
    at performUnitOfWork (http://localhost:5174/node_modules/.vite/deps/react-dom_client.js?v=7cae172e:12559:98)
    at workLoopSync (http://localhost:5174/node_modules/.vite/deps/react-dom_client.js?v=7cae172e:12422:43)
    at renderRootSync (http://localhost:5174/node_modules/.vite/deps/react-dom_client.js?v=7cae172e:12406:13)
    at performWorkOnRoot (http://localhost:5174/node_modules/.vite/deps/react-dom_client.js?v=7cae172e:11764:189) @ http://localhost:5174/node_modules/.vite/deps/react-router-dom.js?v=7cae172e:6500
[  153122ms] [ERROR] Error handled by React Router default ErrorBoundary: ReferenceError: estoque3Img is not defined
    at HomePage (http://localhost:5174/src/pages/HomePage.tsx?t=1782302430381:217:20)
    at Object.react_stack_bottom_frame (http://localhost:5174/node_modules/.vite/deps/react-dom_client.js?v=7cae172e:18507:20)
    at renderWithHooks (http://localhost:5174/node_modules/.vite/deps/react-dom_client.js?v=7cae172e:5652:24)
    at updateFunctionComponent (http://localhost:5174/node_modules/.vite/deps/react-dom_client.js?v=7cae172e:7473:21)
    at beginWork (http://localhost:5174/node_modules/.vite/deps/react-dom_client.js?v=7cae172e:8523:20)
    at runWithFiberInDEV (http://localhost:5174/node_modules/.vite/deps/react-dom_client.js?v=7cae172e:995:72)
    at performUnitOfWork (http://localhost:5174/node_modules/.vite/deps/react-dom_client.js?v=7cae172e:12559:98)
    at workLoopSync (http://localhost:5174/node_modules/.vite/deps/react-dom_client.js?v=7cae172e:12422:43)
    at renderRootSync (http://localhost:5174/node_modules/.vite/deps/react-dom_client.js?v=7cae172e:12406:13)
    at performWorkOnRoot (http://localhost:5174/node_modules/.vite/deps/react-dom_client.js?v=7cae172e:11764:189) @ http://localhost:5174/node_modules/.vite/deps/react-router-dom.js?v=7cae172e:6500
[  153124ms] [ERROR] Error handled by React Router default ErrorBoundary: ReferenceError: estoque3Img is not defined
    at HomePage (http://localhost:5174/src/pages/HomePage.tsx?t=1782302430381:217:20)
    at Object.react_stack_bottom_frame (http://localhost:5174/node_modules/.vite/deps/react-dom_client.js?v=7cae172e:18507:20)
    at renderWithHooks (http://localhost:5174/node_modules/.vite/deps/react-dom_client.js?v=7cae172e:5652:24)
    at updateFunctionComponent (http://localhost:5174/node_modules/.vite/deps/react-dom_client.js?v=7cae172e:7473:21)
    at beginWork (http://localhost:5174/node_modules/.vite/deps/react-dom_client.js?v=7cae172e:8523:20)
    at runWithFiberInDEV (http://localhost:5174/node_modules/.vite/deps/react-dom_client.js?v=7cae172e:995:72)
    at performUnitOfWork (http://localhost:5174/node_modules/.vite/deps/react-dom_client.js?v=7cae172e:12559:98)
    at workLoopSync (http://localhost:5174/node_modules/.vite/deps/react-dom_client.js?v=7cae172e:12422:43)
    at renderRootSync (http://localhost:5174/node_modules/.vite/deps/react-dom_client.js?v=7cae172e:12406:13)
    at performWorkOnRoot (http://localhost:5174/node_modules/.vite/deps/react-dom_client.js?v=7cae172e:11825:37) @ http://localhost:5174/node_modules/.vite/deps/react-router-dom.js?v=7cae172e:6500
[  153124ms] [ERROR] Error handled by React Router default ErrorBoundary: ReferenceError: estoque3Img is not defined
    at HomePage (http://localhost:5174/src/pages/HomePage.tsx?t=1782302430381:217:20)
    at Object.react_stack_bottom_frame (http://localhost:5174/node_modules/.vite/deps/react-dom_client.js?v=7cae172e:18507:20)
    at renderWithHooks (http://localhost:5174/node_modules/.vite/deps/react-dom_client.js?v=7cae172e:5652:24)
    at updateFunctionComponent (http://localhost:5174/node_modules/.vite/deps/react-dom_client.js?v=7cae172e:7473:21)
    at beginWork (http://localhost:5174/node_modules/.vite/deps/react-dom_client.js?v=7cae172e:8523:20)
    at runWithFiberInDEV (http://localhost:5174/node_modules/.vite/deps/react-dom_client.js?v=7cae172e:995:72)
    at performUnitOfWork (http://localhost:5174/node_modules/.vite/deps/react-dom_client.js?v=7cae172e:12559:98)
    at workLoopSync (http://localhost:5174/node_modules/.vite/deps/react-dom_client.js?v=7cae172e:12422:43)
    at renderRootSync (http://localhost:5174/node_modules/.vite/deps/react-dom_client.js?v=7cae172e:12406:13)
    at performWorkOnRoot (http://localhost:5174/node_modules/.vite/deps/react-dom_client.js?v=7cae172e:11825:37) @ http://localhost:5174/node_modules/.vite/deps/react-router-dom.js?v=7cae172e:6500
[  153128ms] [ERROR] %o

%s

%s
 ReferenceError: estoque3Img is not defined
    at HomePage (http://localhost:5174/src/pages/HomePage.tsx?t=1782302430381:217:20)
    at Object.react_stack_bottom_frame (http://localhost:5174/node_modules/.vite/deps/react-dom_client.js?v=7cae172e:18507:20)
    at renderWithHooks (http://localhost:5174/node_modules/.vite/deps/react-dom_client.js?v=7cae172e:5652:24)
    at updateFunctionComponent (http://localhost:5174/node_modules/.vite/deps/react-dom_client.js?v=7cae172e:7473:21)
    at beginWork (http://localhost:5174/node_modules/.vite/deps/react-dom_client.js?v=7cae172e:8523:20)
    at runWithFiberInDEV (http://localhost:5174/node_modules/.vite/deps/react-dom_client.js?v=7cae172e:995:72)
    at performUnitOfWork (http://localhost:5174/node_modules/.vite/deps/react-dom_client.js?v=7cae172e:12559:98)
    at workLoopSync (http://localhost:5174/node_modules/.vite/deps/react-dom_client.js?v=7cae172e:12422:43)
    at renderRootSync (http://localhost:5174/node_modules/.vite/deps/react-dom_client.js?v=7cae172e:12406:13)
    at performWorkOnRoot (http://localhost:5174/node_modules/.vite/deps/react-dom_client.js?v=7cae172e:11825:37) The above error occurred in the <HomePage> component. React will try to recreate this component tree from scratch using the error boundary you provided, RenderErrorBoundary. @ http://localhost:5174/node_modules/.vite/deps/react-dom_client.js?v=7cae172e:6998
[  153128ms] [ERROR] React Router caught the following error during render ReferenceError: estoque3Img is not defined
    at HomePage (http://localhost:5174/src/pages/HomePage.tsx?t=1782302430381:217:20)
    at Object.react_stack_bottom_frame (http://localhost:5174/node_modules/.vite/deps/react-dom_client.js?v=7cae172e:18507:20)
    at renderWithHooks (http://localhost:5174/node_modules/.vite/deps/react-dom_client.js?v=7cae172e:5652:24)
    at updateFunctionComponent (http://localhost:5174/node_modules/.vite/deps/react-dom_client.js?v=7cae172e:7473:21)
    at beginWork (http://localhost:5174/node_modules/.vite/deps/react-dom_client.js?v=7cae172e:8523:20)
    at runWithFiberInDEV (http://localhost:5174/node_modules/.vite/deps/react-dom_client.js?v=7cae172e:995:72)
    at performUnitOfWork (http://localhost:5174/node_modules/.vite/deps/react-dom_client.js?v=7cae172e:12559:98)
    at workLoopSync (http://localhost:5174/node_modules/.vite/deps/react-dom_client.js?v=7cae172e:12422:43)
    at renderRootSync (http://localhost:5174/node_modules/.vite/deps/react-dom_client.js?v=7cae172e:12406:13)
    at performWorkOnRoot (http://localhost:5174/node_modules/.vite/deps/react-dom_client.js?v=7cae172e:11825:37) @ http://localhost:5174/node_modules/.vite/deps/react-router-dom.js?v=7cae172e:6539
[  161102ms] [ERROR] Failed to load resource: net::ERR_CERT_AUTHORITY_INVALID @ https://estiva.com.br/var/userfiles/blogthumbs/d6f4f744fca95d6311aa819a08a32a3a.png:0
[  161115ms] [ERROR] Failed to load resource: net::ERR_CERT_AUTHORITY_INVALID @ https://www.grupoairslaid.com.br/wp-content/uploads/2020/02/FOTO_1.webp:0
[  161121ms] [ERROR] Failed to load resource: net::ERR_CERT_AUTHORITY_INVALID @ https://www.tecma-tecnologia.com.br/web/wp-content/uploads/2019/11/whatsapp-image-2019-10-23-at-155009.jpeg:0
[  161133ms] [ERROR] Failed to load resource: net::ERR_CERT_AUTHORITY_INVALID @ https://images.unsplash.com/photo-1581091226825-a6a2a5aee158?auto=format&fit=crop&w=1400&q=60:0
[  161149ms] [ERROR] Failed to load resource: net::ERR_CERT_AUTHORITY_INVALID @ https://images.ecycle.com.br/wp-content/uploads/2021/10/07121825/drop-of-water-gee46e2eb0_1920.jpg.webp:0
[  161348ms] [ERROR] Failed to load resource: net::ERR_CERT_AUTHORITY_INVALID @ https://siamigbioenergia.com.br/wp-content/uploads/2025/01/post1-corpo1-1024x682px.png:0
[  161449ms] [ERROR] Failed to load resource: net::ERR_CERT_AUTHORITY_INVALID @ https://www.cetap.org.br/site/wp-content/uploads/2020/05/250520-semana-alimento-organico-750x460.jpg:0
[  165056ms] [ERROR] Failed to load resource: net::ERR_QUIC_PROTOCOL_ERROR.QUIC_NETWORK_IDLE_TIMEOUT @ https://www.quimica.com.br/wp-content/uploads/2014/08/torres_POST_.jpg:0
